-------------------- Log Start | Fri May 17 23:09:44 2024 --------------------
data_path: /home/pi/printer_data
is_default_data_path: False
config_file: /home/pi/printer_data/config/moonraker.conf
startup_warnings: []
verbose: False
debug: False
asyncio_debug: False
is_backup_config: False
is_python_package: True
instance_uuid: 215a8ff9406149558f7a7b86cec4267d
unix_socket_path: /home/pi/printer_data/comms/moonraker.sock
software_version: v0.8.0-268-ga23187b
git_branch: master
git_remote: origin
git_repo_url: https://github.com/Arksine/moonraker.git
modified_files: []
unofficial_components: []
log_file: /home/pi/printer_data/logs/moonraker.log
python_version: 3.9.2 (default, Feb 28 2021, 17:03:44)  [GCC 10.2.1 20210110]
launch_args: /home/pi/moonraker-env/bin/python /home/pi/moonraker/moonraker/__main__.py
msgspec_enabled: False
uvloop_enabled: False

#################### Moonraker Configuration ####################

[server]
host = 0.0.0.0
port = 7125
enable_debug_logging = False
max_upload_size = 1024
klippy_uds_address = home/pi/printer_data/comms/klippy.sock

[file_manager]
config_path = ~/printer_data/config
enable_object_processing = True

[authorization]
cors_domains = 
	https://my.mainsail.xyz
	http://my.mainsail.xyz
	http://app.fluidd.xyz
	http://*.local
	http://*.lan
trusted_clients = 
	10.0.0.0/8
	127.0.0.0/8
	169.254.0.0/16
	172.16.0.0/12
	192.168.1.0/24
	172.16.0.0/24
	172.17.0.15:80
	FE80::/10
	::1/128

[octoprint_compat]

[history]

[update_manager]
refresh_interval = 168
enable_auto_refresh = True
enable_repo_debug = True

[update_manager mainsail]
type = web
repo = mainsail-crew/mainsail
path = ~/mainsail

[update_manager beacon]
type = git_repo
channel = dev
path = ~/beacon_klipper
origin = https://github.com/beacon3d/beacon_klipper.git
env = ~/klippy-env/bin/python
requirements = requirements.txt
install_script = install.sh
is_system_service = False
managed_services = klipper
info_tags = 
	desc=Beacon Surface Scanner

[wled lights]
type = http
address = 192.168.1.7
initial_preset = 2
initial_red = 1
initial_green = 1
initial_blue = 1
chain_count = 115

#################################################################
All Configuration Files:
/home/pi/printer_data/config/moonraker.conf
#################################################################

Database Versions: pylmdb = 1.4.1, lmdb = (0, 9, 29)
Unsafe Shutdown Count: 4

System Info:

***python***
  version: (3, 9, 2, 'final', 0)
  version_string: 3.9.2 (default, Feb 28 2021, 17:03:44)  [GCC 10.2.1 20210110]

***cpu_info***
  cpu_count: 4
  bits: 64bit
  processor: aarch64
  cpu_desc: 
  serial_number: 735411d3
  hardware_desc: BCM2835
  model: Raspberry Pi 3 Model B Plus Rev 1.3
  total_memory: 880332
  memory_units: kB

***sd_info***
  manufacturer_id: 27
  manufacturer: Unknown
  oem_id: 5048
  product_name: SD32G
  product_revision: 6.0
  serial_number: 79550c64
  manufacturer_date: 8/2021
  capacity: 28.8 GiB
  total_bytes: 30941380608

***distribution***
  name: Debian GNU/Linux 11 (bullseye)
  id: debian
  version: 11
  version_parts: {'major': '11', 'minor': '', 'build_number': ''}
  like: 
  codename: bullseye
  release_info: {'name': 'MainsailOS', 'version_id': '1.3.2', 'codename': 'bullseye', 'id': 'mainsailos'}

***virtualization***
  virt_type: none
  virt_identifier: none

***network***

***canbus***

***Allowed Services***
  klipper_mcu
  webcamd
  MoonCord
  KlipperScreen
  moonraker-telegram-bot
  moonraker-obico
  sonar
  crowsnest
  octoeverywhere
  ratos-configurator

Systemd unit moonraker.service:
unit_name: moonraker.service
is_default: True
manager: systemd
Properties:
**Requires=['sysinit.target', 'network-online.target', 'system.slice']
**After=['network-online.target', 'systemd-journald.socket', 'sysinit.target', 'basic.target', 'system.slice', 'klipper.service']
**SupplementaryGroups=['moonraker-admin']
**EnvironmentFiles=/home/pi/printer_data/systemd/moonraker.env
**ExecStart=/home/pi/moonraker-env/bin/python $MOONRAKER_ARGS
**WorkingDirectory=
**FragmentPath=/etc/systemd/system/moonraker.service
**Description=API Server for Klipper SV1
**User=pi

Systemd unit klipper.service:
unit_name: klipper.service
is_default: True
manager: systemd
Properties:
**Requires=['sysinit.target', '-.mount', 'system.slice']
**After=['network-online.target', 'sysinit.target', 'basic.target', '-.mount', 'system.slice', 'systemd-journald.socket']
**SupplementaryGroups=[]
**EnvironmentFiles=/home/pi/printer_data/systemd/klipper.env
**ExecStart=/home/pi/klippy-env/bin/python $KLIPPER_ARGS
**WorkingDirectory=/home/pi/klipper
**FragmentPath=/etc/systemd/system/klipper.service
**Description=Klipper 3D Printer Firmware SV1
**User=pi
Git Repo moonraker: Warnings detected:
  Repo has untracked source files: ['moonraker/components/timelapse.py']
  Multiple instances of Moonraker managing this repo:
  moonraker@37c893792c5e4af3a65b8dfa892580af
  moonraker@215a8ff9406149558f7a7b86cec4267d
Git Repo klipper: Warnings detected:
  Multiple instances of Moonraker managing this repo:
  moonraker@37c893792c5e4af3a65b8dfa892580af
  moonraker@215a8ff9406149558f7a7b86cec4267d
Git Repo beacon: Warnings detected:
  Multiple instances of Moonraker managing this repo:
  moonraker@37c893792c5e4af3a65b8dfa892580af
  moonraker@215a8ff9406149558f7a7b86cec4267d
Klipper Version: v0.12.0-85-gd785b396-dirty
2024-05-18 00:09:44,032 [announcements.py:_fetch_moonlight()] - Failed to update subscription 'moonraker': [Errno -3] Temporary failure in name resolution
2024-05-18 00:09:46,060 [announcements.py:_fetch_moonlight()] - Failed to update subscription 'klipper': [Errno -3] Temporary failure in name resolution
-------------------- Log Start | Fri May 17 23:17:20 2024 --------------------
data_path: /home/pi/printer_data
is_default_data_path: False
config_file: /home/pi/printer_data/config/moonraker.conf
startup_warnings: []
verbose: False
debug: False
asyncio_debug: False
is_backup_config: False
is_python_package: True
instance_uuid: 215a8ff9406149558f7a7b86cec4267d
unix_socket_path: /home/pi/printer_data/comms/moonraker.sock
software_version: v0.8.0-268-ga23187b
git_branch: master
git_remote: origin
git_repo_url: https://github.com/Arksine/moonraker.git
modified_files: []
unofficial_components: []
log_file: /home/pi/printer_data/logs/moonraker.log
python_version: 3.9.2 (default, Feb 28 2021, 17:03:44)  [GCC 10.2.1 20210110]
launch_args: /home/pi/moonraker-env/bin/python /home/pi/moonraker/moonraker/__main__.py
msgspec_enabled: False
uvloop_enabled: False
2024-05-18 00:17:20,547 [confighelper.py:read_file()] - Configuration File '/home/pi/printer_data/config/moonraker.conf' parsed, total size: 1762 B
2024-05-18 00:17:20,548 [server.py:add_log_rollover_item()] - 
#################### Moonraker Configuration ####################

[server]
host = 0.0.0.0
port = 7125
enable_debug_logging = False
max_upload_size = 1024
klippy_uds_address = home/pi/printer_data/comms/klippy.sock

[file_manager]
config_path = ~/printer_data/config
enable_object_processing = True

[authorization]
cors_domains = 
	https://my.mainsail.xyz
	http://my.mainsail.xyz
	http://app.fluidd.xyz
	http://*.local
	http://*.lan
trusted_clients = 
	10.0.0.0/8
	127.0.0.0/8
	169.254.0.0/16
	172.16.0.0/12
	192.168.1.0/24
	172.16.0.0/24
	172.17.0.15:80
	FE80::/10
	::1/128

[octoprint_compat]

[history]

[update_manager]
refresh_interval = 168
enable_auto_refresh = True
enable_repo_debug = True

[update_manager mainsail]
type = web
repo = mainsail-crew/mainsail
path = ~/mainsail

[update_manager beacon]
type = git_repo
channel = dev
path = ~/beacon_klipper
origin = https://github.com/beacon3d/beacon_klipper.git
env = ~/klippy-env/bin/python
requirements = requirements.txt
install_script = install.sh
is_system_service = False
managed_services = klipper
info_tags = 
	desc=Beacon Surface Scanner

[wled lights]
type = http
address = 192.168.1.7
initial_preset = 2
initial_red = 1
initial_green = 1
initial_blue = 1
chain_count = 115

#################################################################
All Configuration Files:
/home/pi/printer_data/config/moonraker.conf
#################################################################
2024-05-18 00:17:20,549 [server.py:add_warning()] - [server]: Option 'enable_debug_logging' is deprecated, see the configuration documention at https://moonraker.readthedocs.io/en/latest/configuration/
2024-05-18 00:17:20,981 [server.py:load_component()] - Component (secrets) loaded
2024-05-18 00:17:21,000 [server.py:load_component()] - Component (template) loaded
2024-05-18 00:17:21,022 [server.py:load_component()] - Component (klippy_connection) loaded
2024-05-18 00:17:22,703 [server.py:load_component()] - Component (application) loaded
2024-05-18 00:17:22,777 [server.py:load_component()] - Component (websockets) loaded
2024-05-18 00:17:22,943 [server.py:load_component()] - Component (dbus_manager) loaded
2024-05-18 00:17:23,011 [server.py:add_log_rollover_item()] - 
Database Versions: pylmdb = 1.4.1, lmdb = (0, 9, 29)
Unsafe Shutdown Count: 5
2024-05-18 00:17:23,029 [server.py:load_component()] - Component (database) loaded
2024-05-18 00:17:23,074 [file_manager.py:__init__()] - Using File System Observer: inotify
2024-05-18 00:17:23,179 [server.py:add_warning()] - [file_manager]: Option 'config_path' is deprecated, see the configuration documention at https://moonraker.readthedocs.io/en/latest/configuration/
2024-05-18 00:17:23,190 [server.py:load_component()] - Component (file_manager) loaded
2024-05-18 00:17:23,202 [server.py:load_component()] - Component (klippy_apis) loaded
2024-05-18 00:17:24,033 [server.py:add_log_rollover_item()] - 
System Info:

***python***
  version: (3, 9, 2, 'final', 0)
  version_string: 3.9.2 (default, Feb 28 2021, 17:03:44)  [GCC 10.2.1 20210110]

***cpu_info***
  cpu_count: 4
  bits: 64bit
  processor: aarch64
  cpu_desc: 
  serial_number: 735411d3
  hardware_desc: BCM2835
  model: Raspberry Pi 3 Model B Plus Rev 1.3
  total_memory: 880332
  memory_units: kB

***sd_info***
  manufacturer_id: 27
  manufacturer: Unknown
  oem_id: 5048
  product_name: SD32G
  product_revision: 6.0
  serial_number: 79550c64
  manufacturer_date: 8/2021
  capacity: 28.8 GiB
  total_bytes: 30941380608

***distribution***
  name: Debian GNU/Linux 11 (bullseye)
  id: debian
  version: 11
  version_parts: {'major': '11', 'minor': '', 'build_number': ''}
  like: 
  codename: bullseye
  release_info: {'name': 'MainsailOS', 'version_id': '1.3.2', 'codename': 'bullseye', 'id': 'mainsailos'}

***virtualization***
  virt_type: none
  virt_identifier: none

***network***

***canbus***

***Allowed Services***
  klipper_mcu
  webcamd
  MoonCord
  KlipperScreen
  moonraker-telegram-bot
  moonraker-obico
  sonar
  crowsnest
  octoeverywhere
  ratos-configurator
2024-05-18 00:17:24,043 [server.py:load_component()] - Component (shell_command) loaded
2024-05-18 00:17:24,043 [machine.py:__init__()] - Using System Provider: systemd_dbus
2024-05-18 00:17:24,059 [server.py:load_component()] - Component (machine) loaded
2024-05-18 00:17:24,068 [server.py:load_component()] - Component (data_store) loaded
2024-05-18 00:17:24,079 [proc_stats.py:__init__()] - Detected 'vcgencmd', throttle checking enabled
2024-05-18 00:17:24,081 [server.py:load_component()] - Component (proc_stats) loaded
2024-05-18 00:17:24,085 [server.py:load_component()] - Component (job_state) loaded
2024-05-18 00:17:24,096 [server.py:load_component()] - Component (job_queue) loaded
2024-05-18 00:17:24,119 [server.py:load_component()] - Component (http_client) loaded
2024-05-18 00:17:24,134 [server.py:load_component()] - Component (announcements) loaded
2024-05-18 00:17:24,144 [server.py:load_component()] - Component (webcam) loaded
2024-05-18 00:17:24,153 [server.py:load_component()] - Component (extensions) loaded
2024-05-18 00:17:24,170 [server.py:load_component()] - Component (octoprint_compat) loaded
2024-05-18 00:17:24,227 [wled.py:__init__()] - WLED component loading strips: ['wled lights']
2024-05-18 00:17:24,228 [wled.py:__init__()] - WLED strip: lights
2024-05-18 00:17:24,236 [server.py:load_component()] - Component (wled) loaded
2024-05-18 00:17:24,337 [server.py:add_warning()] - [authorization]: Invalid domain name '172.17.0.15:80' in option 'trusted_clients'
2024-05-18 00:17:24,339 [authorization.py:__init__()] - Authorization Configuration Loaded
Trusted Clients:
10.0.0.0/8
127.0.0.0/8
169.254.0.0/16
172.16.0.0/12
192.168.1.0/24
172.16.0.0/24
fe80::/10
::1/128
CORS Domains:
https://my\.mainsail\.xyz
http://my\.mainsail\.xyz
http://app\.fluidd\.xyz
http://.*\.local
http://.*\.lan
2024-05-18 00:17:24,349 [server.py:load_component()] - Component (authorization) loaded
2024-05-18 00:17:24,528 [server.py:add_warning()] - [update_manager]: Option 'enable_repo_debug' is deprecated, see the configuration documention at https://moonraker.readthedocs.io/en/latest/configuration/
2024-05-18 00:17:24,534 [base_deploy.py:log_info()] - Git Repo moonraker: Detected virtualenv: /home/pi/moonraker-env
2024-05-18 00:17:24,555 [base_deploy.py:log_info()] - Git Repo klipper: Detected virtualenv: /home/pi/klippy-env
2024-05-18 00:17:24,562 [base_deploy.py:log_info()] - Git Repo beacon: Option 'env' is deprecated, use 'virtualenv' instead.
2024-05-18 00:17:24,568 [base_deploy.py:log_info()] - Git Repo beacon: Detected virtualenv: /home/pi/klippy-env
2024-05-18 00:17:24,583 [server.py:load_component()] - Component (update_manager) loaded
2024-05-18 00:17:24,599 [server.py:load_component()] - Component (history) loaded
2024-05-18 00:17:24,602 [server.py:_initialize_component()] - Performing Component Post Init: [dbus_manager]
2024-05-18 00:17:24,639 [server.py:_initialize_component()] - Performing Component Post Init: [file_manager]
2024-05-18 00:17:24,739 [server.py:_initialize_component()] - Performing Component Post Init: [machine]
2024-05-18 00:17:24,740 [machine.py:validation_init()] - Installation version in database up to date
2024-05-18 00:17:25,641 [machine.py:check_virt_status()] - No Virtualization Detected
2024-05-18 00:17:25,801 [server.py:add_log_rollover_item()] - 
Systemd unit moonraker.service:
unit_name: moonraker.service
is_default: True
manager: systemd
Properties:
**Requires=['network-online.target', 'sysinit.target', 'system.slice']
**After=['system.slice', 'basic.target', 'klipper.service', 'network-online.target', 'systemd-journald.socket', 'sysinit.target']
**SupplementaryGroups=['moonraker-admin']
**EnvironmentFiles=/home/pi/printer_data/systemd/moonraker.env
**ExecStart=/home/pi/moonraker-env/bin/python $MOONRAKER_ARGS
**WorkingDirectory=
**FragmentPath=/etc/systemd/system/moonraker.service
**Description=API Server for Klipper SV1
**User=pi
2024-05-18 00:17:25,802 [server.py:_initialize_component()] - Performing Component Post Init: [proc_stats]
2024-05-18 00:17:25,802 [server.py:_initialize_component()] - Performing Component Post Init: [announcements]
2024-05-18 00:17:25,809 [server.py:_initialize_component()] - Performing Component Post Init: [webcam]
2024-05-18 00:17:25,810 [server.py:_initialize_component()] - Performing Component Post Init: [klippy_connection]
2024-05-18 00:17:25,811 [server.py:add_log_rollover_item()] - 
Systemd unit klipper.service:
unit_name: klipper.service
is_default: True
manager: systemd
Properties:
**Requires=['sysinit.target', '-.mount', 'system.slice']
**After=['network-online.target', 'sysinit.target', 'basic.target', '-.mount', 'system.slice', 'systemd-journald.socket']
**SupplementaryGroups=[]
**EnvironmentFiles=/home/pi/printer_data/systemd/klipper.env
**ExecStart=/home/pi/klippy-env/bin/python $KLIPPER_ARGS
**WorkingDirectory=/home/pi/klipper
**FragmentPath=/etc/systemd/system/klipper.service
**Description=Klipper 3D Printer Firmware SV1
**User=pi
2024-05-18 00:17:25,811 [server.py:_initialize_component()] - Performing Component Post Init: [wled]
2024-05-18 00:17:25,814 [server.py:_initialize_component()] - Performing Component Post Init: [authorization]
2024-05-18 00:17:25,815 [server.py:_initialize_component()] - Performing Component Post Init: [update_manager]
2024-05-18 00:17:25,819 [server.py:_initialize_component()] - Performing Component Post Init: [history]
2024-05-18 00:17:26,855 [base_deploy.py:log_info()] - PackageDeploy: PackageKit Provider Configured
2024-05-18 00:17:26,887 [git_deploy.py:log_repo_info()] - Git Repo moonraker Detected:
Owner: Arksine
Repository Name: moonraker
Path: /home/pi/moonraker
Remote: origin
Branch: master
Remote URL: https://github.com/Arksine/moonraker.git
Recovery URL: https://github.com/Arksine/moonraker.git
Current Commit SHA: a23187b4afa632da8a90cb9eae83f0f6a5eec903
Upstream Commit SHA: ba9428558adc70ed8cb3cdcea1723358ead23741
Current Version: v0.8.0-268-ga23187b4
Upstream Version: v0.8.0-354-gba942855
Rollback Commit: a23187b4afa632da8a90cb9eae83f0f6a5eec903
Rollback Branch: master
Rollback Version: v0.8.0-268-ga23187b4
Is Dirty: False
Is Detached: False
Is Shallow: False
Commits Behind Count: 86
Diverged: False
Repo Warnings:
  Repo has untracked source files: ['moonraker/components/timelapse.py']
  Multiple instances of Moonraker managing this repo:
  moonraker@37c893792c5e4af3a65b8dfa892580af
  moonraker@215a8ff9406149558f7a7b86cec4267d
2024-05-18 00:17:26,915 [git_deploy.py:log_repo_info()] - Git Repo klipper Detected:
Owner: Klipper3d
Repository Name: klipper
Path: /home/pi/klipper
Remote: origin
Branch: master
Remote URL: https://github.com/Klipper3d/klipper.git
Recovery URL: https://github.com/Klipper3d/klipper.git
Current Commit SHA: d785b396a72b57c073ce5bdf7a9d5e9fe39fc914
Upstream Commit SHA: 434770eaf9d382cccba203a3475ace2dc0653d7b
Current Version: v0.12.0-85-gd785b396
Upstream Version: v0.12.0-179-g434770ea
Rollback Commit: d785b396a72b57c073ce5bdf7a9d5e9fe39fc914
Rollback Branch: master
Rollback Version: v0.12.0-85-gd785b396
Is Dirty: False
Is Detached: False
Is Shallow: False
Commits Behind Count: 94
Diverged: False
Repo Warnings:
  Multiple instances of Moonraker managing this repo:
  moonraker@37c893792c5e4af3a65b8dfa892580af
  moonraker@215a8ff9406149558f7a7b86cec4267d
2024-05-18 00:17:26,930 [web_deploy.py:_log_client_info()] - Web Client mainsail Detected:
Repo: mainsail-crew/mainsail
Channel: stable
Path: /home/pi/mainsail
Local Version: v2.9.1
Remote Version: v2.11.2
Valid: True
Fallback Client Detected: False
Pre-release: False
Download Url: https://github.com/mainsail-crew/mainsail/releases/download/v2.11.2/mainsail.zip
Download Size: 2114797
Content Type: application/zip
Rollback Version: v2.9.1
Rollback Repo: mainsail-crew/mainsail
2024-05-18 00:17:26,969 [git_deploy.py:log_repo_info()] - Git Repo beacon Detected:
Owner: beacon3d
Repository Name: beacon_klipper
Path: /home/pi/beacon_klipper
Remote: origin
Branch: master
Remote URL: https://github.com/beacon3d/beacon_klipper.git
Recovery URL: https://github.com/beacon3d/beacon_klipper.git
Current Commit SHA: b89bbbec0d94c92ba709a1da283afd0a5eb2c19e
Upstream Commit SHA: b89bbbec0d94c92ba709a1da283afd0a5eb2c19e
Current Version: v1.0.0-35-gb89bbbec
Upstream Version: v1.0.0-35-gb89bbbec
Rollback Commit: b89bbbec0d94c92ba709a1da283afd0a5eb2c19e
Rollback Branch: master
Rollback Version: v1.0.0-35-gb89bbbec
Is Dirty: False
Is Detached: False
Is Shallow: False
Commits Behind Count: 0
Diverged: False
Repo Warnings:
  Multiple instances of Moonraker managing this repo:
  moonraker@37c893792c5e4af3a65b8dfa892580af
  moonraker@215a8ff9406149558f7a7b86cec4267d
2024-05-18 00:17:26,972 [base_deploy.py:log_info()] - PackageKit: Next refresh in: 1 Day, 6 Hours, 32 Minutes, 39 Seconds
2024-05-18 00:17:26,973 [base_deploy.py:log_info()] - Git Repo moonraker: Next refresh in: 1 Day, 6 Hours, 32 Minutes, 51 Seconds
2024-05-18 00:17:26,973 [base_deploy.py:log_info()] - Git Repo klipper: Next refresh in: 1 Day, 6 Hours, 33 Minutes, 2 Seconds
2024-05-18 00:17:26,973 [base_deploy.py:log_info()] - Web Client mainsail: Next refresh in: 1 Day, 15 Hours, 37 Minutes, 13 Seconds
2024-05-18 00:17:26,973 [base_deploy.py:log_info()] - Git Repo beacon: Next refresh in: 1 Day, 15 Hours, 51 Minutes, 48 Seconds
2024-05-18 00:17:27,892 [wled.py:_send_wled_command()] - WLED: Error [Errno 101] Network is unreachable
Traceback (most recent call last):
  File "/home/pi/moonraker/moonraker/components/wled.py", line 123, in _send_wled_command
    await self.send_wled_command_impl(state)
  File "/home/pi/moonraker/moonraker/components/wled.py", line 302, in send_wled_command_impl
    response = await self.client.fetch(request)
  File "/home/pi/moonraker-env/lib/python3.9/site-packages/tornado/iostream.py", line 1181, in connect
    self.socket.connect(address)
OSError: [Errno 101] Network is unreachable
2024-05-18 00:17:27,892 [wled.py:component_init()] - WLED: Error [Errno 101] Network is unreachable
Traceback (most recent call last):
  File "/home/pi/moonraker/moonraker/components/wled.py", line 123, in _send_wled_command
    await self.send_wled_command_impl(state)
  File "/home/pi/moonraker/moonraker/components/wled.py", line 302, in send_wled_command_impl
    response = await self.client.fetch(request)
  File "/home/pi/moonraker-env/lib/python3.9/site-packages/tornado/iostream.py", line 1181, in connect
    self.socket.connect(address)
OSError: [Errno 101] Network is unreachable

During handling of the above exception, another exception occurred:

Traceback (most recent call last):
  File "/home/pi/moonraker/moonraker/components/wled.py", line 423, in component_init
    await ret
  File "/home/pi/moonraker/moonraker/components/wled.py", line 89, in initialize
    await self.wled_on(self.initial_preset)
  File "/home/pi/moonraker/moonraker/components/wled.py", line 145, in wled_on
    await self._send_wled_command({"on": True, "ps": preset})
  File "/home/pi/moonraker/moonraker/components/wled.py", line 130, in _send_wled_command
    raise self.server.error(msg)
moonraker.utils.ServerError: WLED: Error [Errno 101] Network is unreachable
2024-05-18 00:17:27,895 [extensions.py:start_unix_server()] - Creating Unix Domain Socket at '/home/pi/printer_data/comms/moonraker.sock'
2024-05-18 00:17:27,899 [server.py:start_server()] - Starting Moonraker on (0.0.0.0, 7125), Hostname: mainsailos
2024-05-18 00:17:27,902 [application.py:listen()] - SSL Certificate/Key not configured, aborting HTTPS Server startup
2024-05-18 00:17:27,908 [announcements.py:_fetch_moonlight()] - Failed to update subscription 'moonraker': [Errno -3] Temporary failure in name resolution
2024-05-18 00:17:28,157 [klippy_connection.py:_do_connect()] - Klippy Connection Established
2024-05-18 00:17:28,338 [server.py:add_log_rollover_item()] - 
Systemd unit klipper.service:
unit_name: klipper.service
is_default: True
manager: systemd
Properties:
**Requires=['-.mount', 'system.slice', 'sysinit.target']
**After=['network-online.target', 'sysinit.target', '-.mount', 'basic.target', 'systemd-journald.socket', 'system.slice']
**SupplementaryGroups=[]
**EnvironmentFiles=/home/pi/printer_data/systemd/klipper.env
**ExecStart=/home/pi/klippy-env/bin/python $KLIPPER_ARGS
**WorkingDirectory=/home/pi/klipper
**FragmentPath=/etc/systemd/system/klipper.service
**Description=Klipper 3D Printer Firmware SV1
**User=pi
2024-05-18 00:17:28,594 [server.py:add_log_rollover_item()] - Klipper Version: v0.12.0-85-gd785b396-dirty
2024-05-18 00:17:29,351 [authorization.py:_check_trusted_connection()] - Trusted Connection Detected, IP: 127.0.0.1
2024-05-18 00:17:29,372 [application.py:log_request()] - 101 GET /websocket?token= (127.0.0.1) [_TRUSTED_USER_] 3.92ms
2024-05-18 00:17:29,373 [websockets.py:open()] - Websocket Opened: ID: 548015561840, Proxied: False, User Agent: , Host Name: 127.0.0.1
2024-05-18 00:17:29,445 [websockets.py:_handle_identify()] - Websocket 548015561840 Client Identified - Name: KlipperScreen, Version: v0.4.0-73-g1afc67b, Type: display
2024-05-18 00:17:29,935 [announcements.py:_fetch_moonlight()] - Failed to update subscription 'klipper': [Errno -3] Temporary failure in name resolution
2024-05-18 00:17:31,809 [klippy_connection.py:_request_initial_subscriptions()] - Webhooks Subscribed
2024-05-18 00:17:31,823 [klippy_connection.py:_request_initial_subscriptions()] - GCode Output Subscribed
2024-05-18 00:17:31,894 [file_manager.py:get_file_list()] - Updating File List <gcodes>...
2024-05-18 00:17:32,059 [job_state.py:_handle_started()] - Job state initialized: standby
2024-05-18 00:17:32,389 [klippy_connection.py:_check_ready()] - Klippy ready
2024-05-18 00:17:32,815 [data_store.py:_init_sensors()] - Configuring available sensors: ['heater_bed', 'temperature_sensor mcu', 'temperature_sensor raspi', 'temperature_sensor toolhead', 'temperature_sensor chamber', 'temperature_sensor beacon_coil', 'extruder']
